// Jest Snapshot v1, https://goo.gl/fbAQLP

exports[`pruebas de primera app debe mostrar PrimerApp correctamente 1`] = `
<Fragment>
  <h1>
     
    soy un saludo
     
  </h1>
  <p>
     
    Soy un subtitulo
     
  </p>
</Fragment>
`;
